producer_class	xtools.gsea.Gsea
producer_timestamp	1704213618256
param	zip_report	false
param	num	100
param	scoring_scheme	weighted
param	norm	meandiv
param	out	C:\Users\mmaso\gsea_home\output\jan02
param	mode	Max_probe
param	include_only_symbols	true
param	set_max	500
param	gmx	ftp.broadinstitute.org://pub/gsea/msigdb/mouse/gene_sets/mh.all.v2023.2.Mm.symbols.gmt,ftp.broadinstitute.org://pub/gsea/msigdb/mouse/gene_sets/m1.all.v2023.2.Mm.symbols.gmt,ftp.broadinstitute.org://pub/gsea/msigdb/mouse/gene_sets/m2.all.v2023.2.Mm.symbols.gmt,ftp.broadinstitute.org://pub/gsea/msigdb/mouse/gene_sets/m5.all.v2023.2.Mm.symbols.gmt
param	plot_top_x	20
param	nperm	1000
param	order	descending
param	rnd_seed	timestamp
param	rpt_label	GSEA_7m
param	set_min	15
param	res	C:\Users\mmaso\Python_Directory\RNAseq\Preliminary\gsea\gsea_7m.txt
param	chip	ftp.broadinstitute.org://pub/gsea/msigdb/mouse/annotations/Mouse_Ensembl_Gene_ID_MSigDB.v2023.2.Mm.chip
param	create_svgs	false
param	cls	C:\Users\mmaso\gsea_home\output\jan02\P301S_7m_vs_C57_7m.cls#P301S_7m_versus_C57_7m
param	sort	real
param	create_gcts	false
param	help	false
param	save_rnd_lists	false
param	median	false
param	metric	Signal2Noise
param	make_sets	true
param	rnd_type	no_balance
param	gui	false
param	permute	gene_set
param	collapse	Collapse

file	C:\Users\mmaso\gsea_home\output\jan02\GSEA_7m.Gsea.1704213618256\index.html
